STEP t=0 id=p1 action=APPLY node=y amount=25 result=OK borrowed=15
STATE t=0 root=30/60/0/15 x=10/10/0/0 y=25/10/15/0 z=0/10/0/0
DEBT t=0 b1=y->root:15/15@0
STEP t=1 id=p2 action=APPLY node=z amount=20 result=OK borrowed=10
STATE t=1 root=30/60/0/25 x=10/10/0/0 y=25/10/15/0 z=20/10/10/0
DEBT t=1 b1=y->root:15/15@0 b2=z->root:10/10@1
STEP t=2 id=p3 action=APPLY node=x amount=8 result=REJECT reason=INSUFFICIENT available=5
STATE t=2 root=30/60/0/25 x=10/10/0/0 y=25/10/15/0 z=20/10/10/0
DEBT t=2 b1=y->root:15/15@0 b2=z->root:10/10@1
STEP t=3 id=p4 action=RELEASE node=y amount=25 result=OK repaid=15
STATE t=3 root=30/60/0/10 x=10/10/0/0 y=0/10/0/0 z=20/10/10/0
DEBT t=3 b2=z->root:10/10@1
STEP t=4 id=p5 action=APPLY node=x amount=8 result=OK borrowed=8
STATE t=4 root=30/60/0/18 x=18/10/8/0 y=0/10/0/0 z=20/10/10/0
DEBT t=4 b2=z->root:10/10@1 b3=x->root:8/8@4
EVENT t=5 action=RECLAIM id=b2 borrower=z lender=root amount=10 start=1
STEP t=5 id=p6 action=APPLY node=z amount=3 result=OK borrowed=3
STATE t=5 root=30/60/0/11 x=18/10/8/0 y=0/10/0/0 z=13/10/3/0
DEBT t=5 b3=x->root:8/8@4 b4=z->root:3/3@5
STEP t=6 id=p7 action=APPLY node=y amount=20 result=OK borrowed=10
STATE t=6 root=30/60/0/21 x=18/10/8/0 y=20/10/10/0 z=13/10/3/0
DEBT t=6 b3=x->root:8/8@4 b4=z->root:3/3@5 b5=y->root:10/10@6
STEP t=7 id=p8 action=APPLY node=x amount=12 result=REJECT reason=INSUFFICIENT available=9
STATE t=7 root=30/60/0/21 x=18/10/8/0 y=20/10/10/0 z=13/10/3/0
DEBT t=7 b3=x->root:8/8@4 b4=z->root:3/3@5 b5=y->root:10/10@6
