STEP t=0 id=z1 action=APPLY node=p amount=12 result=OK borrowed=12
STATE t=0 root=10/50/0/12 m=0/0/0/0 n=20/20/0/0 p=12/0/12/0 q=0/5/0/0
DEBT t=0 b1=p->root:12/12@0
STEP t=1 id=z2 action=APPLY node=q amount=12 result=OK borrowed=7
STATE t=1 root=10/50/0/19 m=0/0/0/0 n=20/20/0/0 p=12/0/12/0 q=12/5/7/0
DEBT t=1 b1=p->root:12/12@0 b2=q->root:7/7@1
STEP t=2 id=z3 action=RELEASE node=q amount=12 result=OK repaid=7
STATE t=2 root=10/50/0/12 m=0/0/0/0 n=20/20/0/0 p=12/0/12/0 q=0/5/0/0
DEBT t=2 b1=p->root:12/12@0
EVENT t=3 action=RECLAIM id=b1 borrower=p lender=root amount=12 start=0
STEP t=3 id=z4 action=APPLY node=n amount=10 result=OK borrowed=10
STATE t=3 root=10/50/0/10 m=0/0/0/0 n=30/20/10/0 p=0/0/0/0 q=0/5/0/0
DEBT t=3 b3=n->root:10/10@3
STEP t=5 id=z5 action=RELEASE node=q amount=1 result=REJECT reason=UNDERFLOW used=0
STATE t=5 root=10/50/0/10 m=0/0/0/0 n=30/20/10/0 p=0/0/0/0 q=0/5/0/0
DEBT t=5 b3=n->root:10/10@3
EVENT t=6 action=RECLAIM id=b3 borrower=n lender=root amount=10 start=3
STEP t=6 id=z6 action=APPLY node=m amount=25 result=OK borrowed=25
STATE t=6 root=10/50/0/25 m=25/0/25/0 n=20/20/0/0 p=0/0/0/0 q=0/5/0/0
DEBT t=6 b4=m->root:25/25@6
STEP t=7 id=z7 action=APPLY node=n amount=15 result=OK borrowed=15
STATE t=7 root=10/50/0/40 m=25/0/25/0 n=35/20/15/0 p=0/0/0/0 q=0/5/0/0
DEBT t=7 b4=m->root:25/25@6 b5=n->root:15/15@7
STEP t=8 id=z8 action=APPLY node=p amount=1 result=REJECT reason=INSUFFICIENT available=0
STATE t=8 root=10/50/0/40 m=25/0/25/0 n=35/20/15/0 p=0/0/0/0 q=0/5/0/0
DEBT t=8 b4=m->root:25/25@6 b5=n->root:15/15@7
